Drill report for AxionAdapter.kicad_pcb
Created on 7/25/2023 8:27:18 PM

Copper Layer Stackup:
    =============================================================
    L1 :  F.Cu                      front
    L2 :  In1.Cu                    in1
    L3 :  In2.Cu                    in2
    L4 :  B.Cu                      back


Drill file 'AxionAdapter-PTH.drl' contains
    plated through holes:
    =============================================================
    T1  0.200mm  0.0079"  (49 holes)
    T2  0.254mm  0.0100"  (240 holes)
    T3  0.500mm  0.0197"  (388 holes)

    Total plated holes count 677


Drill file 'AxionAdapter-front-in1.drl' contains
    holes connecting layer pair: 'F.Cu and In1.Cu' (blind vias):
    =============================================================
    T1  0.200mm  0.0079"  (32 holes)

    Total plated holes count 32


Drill file 'AxionAdapter-front-in2.drl' contains
    holes connecting layer pair: 'F.Cu and In2.Cu' (blind vias):
    =============================================================
    T1  0.200mm  0.0079"  (32 holes)

    Total plated holes count 32


Drill file 'AxionAdapter-in1-back.drl' contains
    holes connecting layer pair: 'In1.Cu and B.Cu' (blind vias):
    =============================================================
    T1  0.200mm  0.0079"  (192 holes)

    Total plated holes count 192


Drill file 'AxionAdapter-in2-back.drl' contains
    holes connecting layer pair: 'In2.Cu and B.Cu' (blind vias):
    =============================================================
    T1  0.200mm  0.0079"  (192 holes)

    Total plated holes count 192


Drill file 'AxionAdapter-NPTH.drl' contains
    unplated through holes:
    =============================================================

    Total unplated holes count 0
